Hello John Doe!


<ul>
    
    <li class="color">red</li>
    
    <li class="color">green</li>
    
    <li class="color">blue</li>
    
    <li class="color">yellow</li>
    
    <li class="color">orange</li>
    
    <li class="color">pink</li>
    
    <li class="color">black</li>
    
    <li class="color">white</li>
    
    <li class="color">beige</li>
    
    <li class="color">brown</li>
    
    <li class="color">cyan</li>
    
    <li class="color">magenta</li>
    
</ul>
